[07:04:2026]-[19:09:58]_secret_RUNNING
[07:04:2026]-[19:09:58]_secret_SUCCESS
[07:04:2026]-[19:10:08]_secret_RUNNING
[07:04:2026]-[19:10:08]_secret_SUCCESS
[07:04:2026]-[19:10:09]_surprise_RUNNING
[07:04:2026]-[19:10:09]_surprise_SUCCESS
[07:04:2026]-[19:10:18]_secret_RUNNING
[07:04:2026]-[19:10:18]_secret_SUCCESS
[07:04:2026]-[19:10:20]_surprise_RUNNING
[07:04:2026]-[19:10:20]_surprise_SUCCESS
[07:04:2026]-[19:10:28]_secret_RUNNING
[07:04:2026]-[19:10:28]_secret_SUCCESS
[07:04:2026]-[19:10:31]_surprise_RUNNING
[07:04:2026]-[19:10:31]_surprise_SUCCESS
[07:04:2026]-[19:10:38]_secret_RUNNING
[07:04:2026]-[19:10:38]_secret_SUCCESS
[07:04:2026]-[19:10:42]_surprise_RUNNING
[07:04:2026]-[19:10:42]_surprise_SUCCESS
[07:04:2026]-[19:10:48]_secret_RUNNING
[07:04:2026]-[19:10:48]_secret_SUCCESS
[07:04:2026]-[19:10:53]_surprise_RUNNING
[07:04:2026]-[19:10:53]_surprise_SUCCESS
[07:04:2026]-[19:10:58]_secret_RUNNING
[07:04:2026]-[19:10:58]_secret_SUCCESS
[07:04:2026]-[19:11:04]_surprise_RUNNING
[07:04:2026]-[19:11:04]_surprise_SUCCESS
[07:04:2026]-[19:11:08]_secret_RUNNING
[07:04:2026]-[19:11:08]_secret_SUCCESS
[07:04:2026]-[19:11:15]_surprise_RUNNING
[07:04:2026]-[19:11:15]_surprise_SUCCESS
[07:04:2026]-[19:11:18]_secret_RUNNING
[07:04:2026]-[19:11:18]_secret_SUCCESS
[07:04:2026]-[19:11:26]_surprise_RUNNING
[07:04:2026]-[19:11:26]_surprise_SUCCESS
[07:04:2026]-[19:11:28]_secret_RUNNING
[07:04:2026]-[19:11:28]_secret_SUCCESS
[07:04:2026]-[19:11:37]_surprise_RUNNING
[07:04:2026]-[19:11:37]_surprise_SUCCESS
[07:04:2026]-[19:11:38]_secret_RUNNING
[07:04:2026]-[19:11:38]_secret_SUCCESS
[07:04:2026]-[19:11:48]_surprise_RUNNING
[07:04:2026]-[19:11:48]_surprise_SUCCESS
[07:04:2026]-[19:11:48]_secret_RUNNING
[07:04:2026]-[19:11:48]_secret_SUCCESS
[07:04:2026]-[19:11:58]_secret_RUNNING
[07:04:2026]-[19:11:58]_secret_SUCCESS
[07:04:2026]-[19:11:59]_surprise_RUNNING
[07:04:2026]-[19:11:59]_surprise_SUCCESS
[07:04:2026]-[19:12:01]_decrypt_RUNNING
[07:04:2026]-[19:12:01]_decrypt_SUCCESS
[07:04:2026]-[19:12:08]_secret_RUNNING
[07:04:2026]-[19:12:08]_secret_SUCCESS
[07:04:2026]-[19:12:10]_surprise_RUNNING
[07:04:2026]-[19:12:10]_surprise_SUCCESS
[07:04:2026]-[19:12:18]_secret_RUNNING
[07:04:2026]-[19:12:18]_secret_SUCCESS
[07:04:2026]-[19:12:21]_surprise_RUNNING
[07:04:2026]-[19:12:21]_surprise_SUCCESS
[07:04:2026]-[19:12:28]_secret_RUNNING
[07:04:2026]-[19:12:28]_secret_SUCCESS
[07:04:2026]-[19:12:32]_surprise_RUNNING
[07:04:2026]-[19:12:32]_surprise_SUCCESS
[07:04:2026]-[19:12:35]_kill_RUNNING
[07:04:2026]-[19:12:35]_kill_SUCCESS
